node.exe : - Generating browser application bundles (phase: setup)...
At line:1 char:1
+ & "C:\nvm4w\nodejs/node.exe" "C:\nvm4w\nodejs/node_modules/npm/bin/np ...
+ ~~~~~~~~~~~~~~~~~~~~~~~~~~~~~~~~~~~~~~~~~~~~~~~~~~~~~~~~~~~~~~~~~~~~~
    + CategoryInfo          : NotSpecified: (- Generating br...hase: setup)...:String) [],  
   RemoteException
    + FullyQualifiedErrorId : NativeCommandError
 
    TypeScript compiler options "target" and "useDefineForClassFields" are set to "ES2022" 
and "false" respectively by the Angular CLI. To control ECMA version and features use the 
Browerslist configuration. For more information, see 
https://angular.io/guide/build#configuring-browser-compatibility
    NOTE: You can set the "target" to "ES2022" in the project's tsconfig to remove this 
warning.
Γ£ö Browser application bundle generation complete.
Γ£ö Browser application bundle generation complete.
- Generating index html...
Γ£ö Index html generation complete.

Initial Chunk Files | Names         |  Raw Size | Estimated Transfer Size
main.js             | main          | 774.62 kB |               162.31 kB
polyfills.js        | polyfills     |  33.02 kB |                10.64 kB
styles.css          | styles        |   4.25 kB |                 1.07 kB
runtime.js          | runtime       | 909 bytes |               521 bytes

| Initial Total | 812.78 kB |               174.52 kB

Build at: 2025-11-30T11:13:47.092Z - Hash: 4e152659acc0d64c - Time: 40673ms

Warning: C:/pos_repo/frontend/src/environments/environment.prod.ts is part of the 
TypeScript compilation but it's unused.
Add only entry points to the 'files' or 'include' properties in your tsconfig.


